I'm sorry, but errors were detected in your script. Please correct the
errors listed below, and try again.


File "game/script.rpy", line 238: expected statement.
    sceen campsite
                  ^

Ren'Py Version: Ren'Py 8.1.1.23060707
Thu Jul 27 19:59:50 2023
